﻿cargo : warning: unused imports: `TokenStore` and `user_store`
строка:1 знак:1
+ cargo test plainning_modules::poll -- --test-threads=1 > test_output. ...
+ ~~~~~~~~~~~~~~~~~~~~~~~~~~~~~~~~~~~~~~~~~~~~~~~~~~~~~~~~~~~~~~~~~~~~~
    + CategoryInfo          : NotSpecified: (warning: unused...nd `user_store` 
   :String) [], RemoteException
    + FullyQualifiedErrorId : NativeCommandError
 
 --> src\user_store.rs:1:30
  |
1 | use crate::{structs::{User}, TokenStore, user_store};
  |                              ^^^^^^^^^^  ^^^^^^^^^^
  |
  = note: `#[warn(unused_imports)]` (part of `#[warn(unused)]`) on by default

warning: unused imports: `f32::consts::E` and `ptr::null`
 --> src\user_store.rs:2:33
  |
2 | use std::{collections::HashMap, f32::consts::E, ptr::null};
  |                                 ^^^^^^^^^^^^^^  ^^^^^^^^^

warning: unused imports: `Duration` and `Utc`
 --> src\user_store.rs:3:14
  |
3 | use chrono::{Utc, Duration};
  |              ^^^  ^^^^^^^^

warning: unused import: `Context`
 --> src\user_store.rs:4:14
  |
4 | use anyhow::{Context, Ok, Result};
  |              ^^^^^^^

warning: unused import: `std::convert::Into`
 --> src\user_store.rs:6:5
  |
6 | use std::convert::Into;
  |     ^^^^^^^^^^^^^^^^^^

warning: unused import: `std::sync::Arc`
 --> src\user_store.rs:7:5
  |
7 | use std::sync::Arc;
  |     ^^^^^^^^^^^^^^

warning: unused import: `anyhow::Error`
 --> src\user_store.rs:9:5
  |
9 | use anyhow::Error;
  |     ^^^^^^^^^^^^^

warning: unused import: `crate::models::EditUserRequest`
  --> src\user_store.rs:10:5
   |
10 | use crate::models::EditUserRequest;
   |     ^^^^^^^^^^^^^^^^^^^^^^^^^^^^^^

warning: unused import: `response::sse::Event`
 --> src\models.rs:4:30
  |
4 | use axum::{http::StatusCode, response::sse::Event};
  |                              ^^^^^^^^^^^^^^^^^^^^

warning: unused import: `openapi`
 --> src\models.rs:6:14
  |
6 | use utoipa::{openapi, ToSchema};
  |              ^^^^^^^

warning: unused import: `permissions::*`
  --> src\models.rs:10:5
   |
10 |     permissions::*,
   |     ^^^^^^^^^^^^^^

warning: unused import: `net::TcpListener`
 --> src\handlers\auth.rs:2:13
  |
2 | use tokio::{net::TcpListener, sync::broadcast};
  |             ^^^^^^^^^^^^^^^^

warning: unused imports: `WebSocketUpgrade`, `WebSocket`, and `trace`
 --> src\handlers\auth.rs:3:34
  |
3 | ...::{WebSocket, WebSocketUpgrade}, response::IntoResponse, routing::{self,
 trace}
  |       ^^^^^^^^^  ^^^^^^^^^^^^^^^^                                          
 ^^^^^

warning: unused import: `std::collections::HashMap`
  --> src\handlers\auth.rs:15:5
   |
15 | use std::collections::HashMap;
   |     ^^^^^^^^^^^^^^^^^^^^^^^^^

warning: unused import: `std::result::Result`
  --> src\handlers\auth.rs:16:5
   |
16 | use std::result::Result;
   |     ^^^^^^^^^^^^^^^^^^^

warning: unused import: `sqlx::PgPool`
  --> src\handlers\auth.rs:19:5
   |
19 | use sqlx::PgPool;
   |     ^^^^^^^^^^^^

warning: unused import: `secrets::token::*`
  --> src\handlers\auth.rs:23:111
   |
23 | ...s::CheckUsernameRequest, secrets::token::*, structs::*};
   |                             ^^^^^^^^^^^^^^^^^

warning: unused import: `futures_util::future::ok`
 --> src\handlers\user.rs:1:5
  |
1 | use futures_util::future::ok;
  |     ^^^^^^^^^^^^^^^^^^^^^^^^

warning: unused import: `net::TcpListener`
 --> src\handlers\user.rs:2:13
  |
2 | use tokio::{net::TcpListener, sync::broadcast};
  |             ^^^^^^^^^^^^^^^^

warning: unused import: `Context`
 --> src\handlers\user.rs:3:14
  |
3 | use anyhow::{Context}; 
  |              ^^^^^^^

warning: unused imports: `WebSocketUpgrade`, `WebSocket`, and `trace`
 --> src\handlers\user.rs:4:34
  |
4 | ...::{WebSocket, WebSocketUpgrade}, response::IntoResponse, routing::{self,
 trace}
  |       ^^^^^^^^^  ^^^^^^^^^^^^^^^^                                          
 ^^^^^

warning: unused import: `axum_macros::debug_handler`
 --> src\handlers\user.rs:6:5
  |
6 | use axum_macros::debug_handler;
  |     ^^^^^^^^^^^^^^^^^^^^^^^^^^

warning: unused import: `sqlx::PgPool`
  --> src\handlers\user.rs:17:5
   |
17 | use sqlx::PgPool;
   |     ^^^^^^^^^^^^

warning: unused import: `Response`
  --> src\handlers\user.rs:26:27
   |
26 | use axum::http::{Request, Response};
   |                           ^^^^^^^^

warning: unused imports: `TokenStore`, `models::CheckUsernameRequest`, `secrets
::generator`, and `self`
  --> src\handlers\user.rs:30:53
   |
30 | ...n, secrets::generator, models::CheckUsernameRequest, secrets::token::{s
elf, TokenStore}, ...
   |       ^^^^^^^^^^^^^^^^^^  ^^^^^^^^^^^^^^^^^^^^^^^^^^^^                   ^
^^^  ^^^^^^^^^^

warning: unused import: `axum_macros::debug_handler`
 --> src\handlers\event.rs:1:5
  |
1 | use axum_macros::debug_handler;
  |     ^^^^^^^^^^^^^^^^^^^^^^^^^^

warning: unused imports: `net::TcpListener` and `sync::broadcast`
 --> src\handlers\event.rs:3:13
  |
3 | use tokio::{net::TcpListener, sync::broadcast};
  |             ^^^^^^^^^^^^^^^^  ^^^^^^^^^^^^^^^

warning: unused imports: `Router`, `WebSocketUpgrade`, `WebSocket`, `self`, and
 `trace`
 --> src\handlers\event.rs:4:12
  |
4 | ...::{Router, extract::ws::{WebSocket, WebSocketUpgrade}, response::IntoRes
ponse, routing::{self, trace}
  |       ^^^^^^                ^^^^^^^^^  ^^^^^^^^^^^^^^^^                    
                 ^^^^  ^^^^^

warning: unused imports: `generator` and `token`
  --> src\handlers\event.rs:14:46
   |
14 | use crate::{data_base::user_db::*, secrets::{generator, token}};
   |                                              ^^^^^^^^^  ^^^^^

warning: unused import: `tracing::*`
  --> src\handlers\event.rs:15:5
   |
15 | use tracing::*;
   |     ^^^^^^^^^^

warning: unused imports: `create_token`, `create_user_db`, `models::CheckUserna
meRequest`, `secrets::token::*`, and `validate_token`
  --> src\handlers\event.rs:17:34
   |
17 | ...::{create_token, create_user_db, validate_token}, models::CheckUsername
Request, secrets::token::*, s...
   |       ^^^^^^^^^^^^  ^^^^^^^^^^^^^^  ^^^^^^^^^^^^^^   ^^^^^^^^^^^^^^^^^^^^^
^^^^^^^  ^^^^^^^^^^^^^^^^^

warning: unused import: `crate::mail::send_mail_verif_code`
  --> src\handlers\event.rs:18:5
   |
18 | use crate::mail::send_mail_verif_code;
   |     ^^^^^^^^^^^^^^^^^^^^^^^^^^^^^^^^^

warning: unused import: `crate::test_utils::*`
  --> src\handlers\event.rs:28:5
   |
28 | use crate::test_utils::*;
   |     ^^^^^^^^^^^^^^^^^^^^

warning: unused import: `Context`
 --> src\data_base\user_db.rs:2:14
  |
2 | use anyhow::{Context};
  |              ^^^^^^^

warning: unused import: `axum::response::sse::Event`
 --> src\data_base\event_db.rs:1:5
  |
1 | use axum::response::sse::Event;
  |     ^^^^^^^^^^^^^^^^^^^^^^^^^^

warning: unused import: `Context`
 --> src\data_base\event_db.rs:3:14
  |
3 | use anyhow::{Context};
  |              ^^^^^^^

warning: unused import: `tower::layer::util`
 --> src\data_base\event_db.rs:5:5
  |
5 | use tower::layer::util;
  |     ^^^^^^^^^^^^^^^^^^

warning: unused import: `models::*`
 --> src\data_base\event_db.rs:8:5
  |
8 |     models::*,
  |     ^^^^^^^^^

warning: unused import: `std::str::*`
  --> src\data_base\event_db.rs:13:5
   |
13 | use std::str::*;
   |     ^^^^^^^^^^^

warning: unused import: `chrono::Utc`
   --> src\data_base\event_db.rs:471:9
    |
471 |     use chrono::Utc;
    |         ^^^^^^^^^^^

warning: unused import: `models::*`
 --> src\permissions.rs:5:5
  |
5 |     models::*, 
  |     ^^^^^^^^^

warning: unused import: `HttpAuthScheme`
 --> src\api_doc.rs:2:43
  |
2 | use utoipa::{OpenApi, openapi::security::{HttpAuthScheme, HttpBuilder, S...
  |                                           ^^^^^^^^^^^^^^

warning: unused variable: `old_avatar_path`
   --> src\handlers\user.rs:200:13
    |
200 |         let old_avatar_path = user_dir.join("avatar.*"); // delete old...
    |             ^^^^^^^^^^^^^^^ help: if this is intentional, prefix it with 
an underscore: `_old_avatar_path`
    |
    = note: `#[warn(unused_variables)]` (part of `#[warn(unused)]`) on by defau
lt

warning: method `get_user_by_username` is never used
   --> src\user_store.rs:123:18
    |
 20 | impl UserStore {
    | -------------- method in this implementation
...
123 |     pub async fn get_user_by_username(
    |                  ^^^^^^^^^^^^^^^^^^^^
    |
    = note: `#[warn(dead_code)]` (part of `#[warn(unused)]`) on by default

warning: struct `TokenStore` is never constructed
 --> src\secrets\token.rs:6:12
  |
6 | pub struct TokenStore {
  |            ^^^^^^^^^^

warning: associated items `new`, `is_expired`, and `is_valid` are never used
  --> src\secrets\token.rs:15:12
   |
14 | impl TokenStore {
   | --------------- associated items in this implementation
15 |     pub fn new(user_id: u64, ttl: i64) -> Self { // add id from databas...
   |            ^^^
...
25 |     pub fn is_expired(&self) -> bool {
   |            ^^^^^^^^^^
...
29 |     pub fn is_valid(&self, input_token: &str) -> bool {
   |            ^^^^^^^^

warning: associated constant `DEFAULT_TTL_MINUTES` is never used
  --> src\secrets\verification.rs:15:15
   |
14 | impl VerificationCode {
   | --------------------- associated constant in this implementation
15 |     pub const DEFAULT_TTL_MINUTES: i64 = 15;
   |               ^^^^^^^^^^^^^^^^^^^

warning: methods `create_default`, `get_mut`, and `get_or_create` are never use
d
   --> src\secrets\verification.rs:81:12
    |
 67 | impl VerificationStore {
    | ---------------------- methods in this implementation
...
 81 |     pub fn create_default(&mut self, email: &str) -> String { // With ...
    |            ^^^^^^^^^^^^^^
...
 89 |     pub fn get_mut(&mut self, email: &str) -> Option<&mut Verification...
    |            ^^^^^^^
...
128 | pub fn get_or_create(&mut self, email: &str, ttl_minutes: i64) -> Stri...
    |        ^^^^^^^^^^^^^

warning: associated function `api_token` is never used
  --> src\secrets\generator.rs:17:12
   |
 6 | impl Generator {
   | -------------- associated function in this implementation
...
17 |     pub fn api_token() -> String {          // for integration with ext...
   |            ^^^^^^^^^

warning: struct `SuccessResponse` is never constructed
   --> src\models.rs:173:12
    |
173 | pub struct SuccessResponse {
    |            ^^^^^^^^^^^^^^^

warning: struct `ErrorResponse` is never constructed
   --> src\models.rs:178:12
    |
178 | pub struct ErrorResponse {
    |            ^^^^^^^^^^^^^

warning: function `get_user_events_handler` is never used
   --> src\handlers\event.rs:115:14
    |
115 | pub async fn get_user_events_handler(
    |              ^^^^^^^^^^^^^^^^^^^^^^^

warning: function `get_event_polls_handler` is never used
   --> src\handlers\event.rs:482:14
    |
482 | pub async fn get_event_polls_handler(
    |              ^^^^^^^^^^^^^^^^^^^^^^^

warning: function `get_user_event` is never used
   --> src\data_base\event_db.rs:106:14
    |
106 | pub async fn get_user_event(
    |              ^^^^^^^^^^^^^^

warning: function `update_event_status` is never used
   --> src\data_base\event_db.rs:249:14
    |
249 | pub async fn update_event_status(
    |              ^^^^^^^^^^^^^^^^^^^

warning: function `find_users_by_permission` is never used
   --> src\data_base\event_db.rs:270:14
    |
270 | pub async fn find_users_by_permission(
    |              ^^^^^^^^^^^^^^^^^^^^^^^^

warning: function `has_permission` is never used
   --> src\data_base\event_db.rs:381:14
    |
381 | pub async fn has_permission(
    |              ^^^^^^^^^^^^^^

warning: variants `MemberNotFound`, `Conflict`, `InvalidToken`, and `Internal` 
are never constructed
  --> src\errors.rs:12:5
   |
 6 | pub enum AppError {
   |          -------- variants in this enum
...
12 |     MemberNotFound,
   |     ^^^^^^^^^^^^^^
...
16 |     Conflict,
   |     ^^^^^^^^
17 |     #[error("Invalid or expired token")]
18 |     InvalidToken,
   |     ^^^^^^^^^^^^
19 |     #[error("Internal error: {0}")]
20 |     Internal(String),
   |     ^^^^^^^^
   |
   = note: `AppError` has a derived impl for the trait `Debug`, but this is int
entionally ignored during dead code analysis

warning: fields `avatar_url`, `description_profile`, `is_deleted`, `created_at`
, and `last_online_at` are never read
  --> src\structs.rs:55:9
   |
49 | pub struct User {
   |            ---- fields in this struct
...
55 |     pub avatar_url: Option<String>, // make access through user_id
   |         ^^^^^^^^^^
56 |     pub description_profile: Option<String>,
   |         ^^^^^^^^^^^^^^^^^^^
57 |
58 |     pub is_deleted: bool,
   |         ^^^^^^^^^^
59 |     pub created_at: DateTime<Utc>,
   |         ^^^^^^^^^^
60 |     pub last_online_at: DateTime<Utc>
   |         ^^^^^^^^^^^^^^
   |
   = note: `User` has derived impls for the traits `Clone` and `Debug`, but the
se are intentionally ignored during dead code analysis

warning: method `edit` is never used
  --> src\structs.rs:88:12
   |
63 | impl User { 
   | --------- method in this implementation
...
88 |     pub fn edit(&mut self, payload: EditUserRequest) { // exit origin d...
   |            ^^^^

warning: struct `EventUser` is never constructed
   --> src\structs.rs:128:12
    |
128 | pub struct EventUser {
    |            ^^^^^^^^^

warning: multiple associated items are never used
  --> src\permissions.rs:19:12
   |
14 | impl EventPermissions {
   | --------------------- associated items in this implementation
...
19 |     pub fn empty() -> Self {
   |            ^^^^^
...
23 |     pub fn full() -> Self {
   |            ^^^^
...
34 |     pub const REMOVE_MEMBER: i32 = 1 << 1;
   |               ^^^^^^^^^^^^^
35 |     pub const EDIT_EVENT: i32 = 1 << 2;
   |               ^^^^^^^^^^
36 |     pub const BAN_MEMBER: i32 = 1 << 3;
   |               ^^^^^^^^^^
...
39 |     pub const DELETE_MODULE: i32 = 1 << 5;
   |               ^^^^^^^^^^^^^
40 |     pub const VIEW_STATS: i32 = 1 << 6;
41 |     pub const MANAGE_ROLES: i32 = 1 << 7;
   |               ^^^^^^^^^^^^
42 |     pub const VIEW_LOGS: i32 = 1 << 8;
   |               ^^^^^^^^^
43 |     pub const ADMIN: i32 = 1 << 30;
   |               ^^^^^
...
47 |     pub const MODERATOR: i32 = Self::INVITE | Self::REMOVE_MEMBER | Sel...
   |               ^^^^^^^^^
48 |     pub const ADMIN_FULL: i32 = Self::ADMIN | Self::MODERATOR | Self::E...
   |               ^^^^^^^^^^
49 |     pub const ALL: i32 = Self::OWNER | Self::ADMIN_FULL | Self::CREATE_...
   |               ^^^
...
55 |     pub fn add_permission(&mut self, permission: i32) {
   |            ^^^^^^^^^^^^^^
...
59 |     pub fn remove_permission(&mut self, permission: i32) {
   |            ^^^^^^^^^^^^^^^^^

warning: `rust_context` (bin "rust_context" test) generated 62 warnings (run `c
argo fix --bin "rust_context" -p rust_context --tests` to apply 43 suggestions)
    Finished `test` profile [unoptimized + debuginfo] target(s) in 0.91s
warning: the following packages contain code that will be rejected by a future 
version of Rust: sqlx-postgres v0.7.4
note: to see what the problems were, use the option `--future-incompat-report`,
 or run `cargo report future-incompatibilities --id 2`
     Running unittests src\main.rs (target\debug\deps\rust_context-0c7a8802670c
2690.exe)

running 7 tests
test plainning_modules::poll::tests::test_create_poll ... ok
test plainning_modules::poll::tests::test_delete_poll ... ok
test plainning_modules::poll::tests::test_edit_poll_question ... ok
test plainning_modules::poll::tests::test_get_count_of_options_multiple_vote ... ok
test plainning_modules::poll::tests::test_get_count_of_options_single_vote ... ok
test plainning_modules::poll::tests::test_get_event_polls ... ok
test plainning_modules::poll::tests::test_vote_on_poll ... ok

test result: ok. 7 passed; 0 failed; 0 ignored; 0 measured; 59 filtered out; finished in 35.75s

